Fitter Status : Successful - Wed Feb 23 13:08:17 2022
Quartus II 64-Bit Version : 13.0.1 Build 232 06/12/2013 SP 1 SJ Full Version
Revision Name : system
Top-level Entity Name : system
Family : Cyclone IV E
Device : EP4CE115F29C8
Timing Models : Final
Total logic elements : 3,806 / 114,480 ( 3 % )
    Total combinational functions : 3,482 / 114,480 ( 3 % )
    Dedicated logic registers : 1,770 / 114,480 ( 2 % )
Total registers : 1771
Total pins : 102 / 529 ( 19 % )
Total virtual pins : 0
Total memory bits : 524,288 / 3,981,312 ( 13 % )
Embedded Multiplier 9-bit elements : 0 / 532 ( 0 % )
Total PLLs : 0 / 4 ( 0 % )
Analysis & Synthesis Status : Successful - Wed Feb 23 13:06:53 2022
Quartus II 64-Bit Version : 13.0.1 Build 232 06/12/2013 SP 1 SJ Full Version
Revision Name : system
Top-level Entity Name : system
Family : Cyclone IV E
Total logic elements : 4,470
    Total combinational functions : 3,482
    Dedicated logic registers : 1,771
Total registers : 1771
Total pins : 102
Total virtual pins : 0
Total memory bits : 524,288
Embedded Multiplier 9-bit elements : 0
Total PLLs : 0
------------------------------------------------------------
TimeQuest Timing Analyzer Summary
------------------------------------------------------------

Type  : Slow 1200mV 85C Model Setup 'CLK'
Slack : -9.393
TNS   : -1688.480

Type  : Slow 1200mV 85C Model Setup 'CPUCLK'
Slack : -8.971
TNS   : -5508.748

Type  : Slow 1200mV 85C Model Setup 'altera_reserved_tck'
Slack : 44.827
TNS   : 0.000

Type  : Slow 1200mV 85C Model Hold 'altera_reserved_tck'
Slack : 0.440
TNS   : 0.000

Type  : Slow 1200mV 85C Model Hold 'CLK'
Slack : 0.442
TNS   : 0.000

Type  : Slow 1200mV 85C Model Hold 'CPUCLK'
Slack : 0.442
TNS   : 0.000

Type  : Slow 1200mV 85C Model Recovery 'altera_reserved_tck'
Slack : 47.737
TNS   : 0.000

Type  : Slow 1200mV 85C Model Removal 'altera_reserved_tck'
Slack : 1.119
TNS   : 0.000

Type  : Slow 1200mV 85C Model Minimum Pulse Width 'CLK'
Slack : -1.701
TNS   : -328.092

Type  : Slow 1200mV 85C Model Minimum Pulse Width 'CPUCLK'
Slack : 2.180
TNS   : 0.000

Type  : Slow 1200mV 85C Model Minimum Pulse Width 'altera_reserved_tck'
Slack : 49.487
TNS   : 0.000

Type  : Slow 1200mV 0C Model Setup 'CLK'
Slack : -8.675
TNS   : -1532.364

Type  : Slow 1200mV 0C Model Setup 'CPUCLK'
Slack : -8.281
TNS   : -4996.064

Type  : Slow 1200mV 0C Model Setup 'altera_reserved_tck'
Slack : 45.200
TNS   : 0.000

Type  : Slow 1200mV 0C Model Hold 'CLK'
Slack : 0.391
TNS   : 0.000

Type  : Slow 1200mV 0C Model Hold 'CPUCLK'
Slack : 0.392
TNS   : 0.000

Type  : Slow 1200mV 0C Model Hold 'altera_reserved_tck'
Slack : 0.392
TNS   : 0.000

Type  : Slow 1200mV 0C Model Recovery 'altera_reserved_tck'
Slack : 48.011
TNS   : 0.000

Type  : Slow 1200mV 0C Model Removal 'altera_reserved_tck'
Slack : 1.020
TNS   : 0.000

Type  : Slow 1200mV 0C Model Minimum Pulse Width 'CLK'
Slack : -1.701
TNS   : -328.092

Type  : Slow 1200mV 0C Model Minimum Pulse Width 'CPUCLK'
Slack : 2.148
TNS   : 0.000

Type  : Slow 1200mV 0C Model Minimum Pulse Width 'altera_reserved_tck'
Slack : 49.342
TNS   : 0.000

Type  : Fast 1200mV 0C Model Setup 'CLK'
Slack : -2.902
TNS   : -448.097

Type  : Fast 1200mV 0C Model Setup 'CPUCLK'
Slack : -1.091
TNS   : -20.379

Type  : Fast 1200mV 0C Model Setup 'altera_reserved_tck'
Slack : 47.958
TNS   : 0.000

Type  : Fast 1200mV 0C Model Hold 'altera_reserved_tck'
Slack : 0.154
TNS   : 0.000

Type  : Fast 1200mV 0C Model Hold 'CLK'
Slack : 0.181
TNS   : 0.000

Type  : Fast 1200mV 0C Model Hold 'CPUCLK'
Slack : 0.181
TNS   : 0.000

Type  : Fast 1200mV 0C Model Recovery 'altera_reserved_tck'
Slack : 49.182
TNS   : 0.000

Type  : Fast 1200mV 0C Model Removal 'altera_reserved_tck'
Slack : 0.489
TNS   : 0.000

Type  : Fast 1200mV 0C Model Minimum Pulse Width 'CLK'
Slack : -1.500
TNS   : -1.500

Type  : Fast 1200mV 0C Model Minimum Pulse Width 'CPUCLK'
Slack : 2.232
TNS   : 0.000

Type  : Fast 1200mV 0C Model Minimum Pulse Width 'altera_reserved_tck'
Slack : 49.455
TNS   : 0.000

------------------------------------------------------------
