Fitter Status : Successful - Thu Mar 24 21:24:20 2022
Quartus II 64-Bit Version : 13.0.1 Build 232 06/12/2013 SP 1 SJ Full Version
Revision Name : system
Top-level Entity Name : system
Family : Cyclone IV E
Device : EP4CE115F29C8
Timing Models : Final
Total logic elements : 7,793 / 114,480 ( 7 % )
    Total combinational functions : 6,550 / 114,480 ( 6 % )
    Dedicated logic registers : 4,242 / 114,480 ( 4 % )
Total registers : 4243
Total pins : 102 / 529 ( 19 % )
Total virtual pins : 0
Total memory bits : 524,288 / 3,981,312 ( 13 % )
Embedded Multiplier 9-bit elements : 0 / 532 ( 0 % )
Total PLLs : 0 / 4 ( 0 % )
Analysis & Synthesis Status : Successful - Thu Mar 24 21:19:19 2022
Quartus II 64-Bit Version : 13.0.1 Build 232 06/12/2013 SP 1 SJ Full Version
Revision Name : system
Top-level Entity Name : system
Family : Cyclone IV E
Total logic elements : 9,844
    Total combinational functions : 6,518
    Dedicated logic registers : 4,242
Total registers : 4242
Total pins : 102
Total virtual pins : 0
Total memory bits : 524,288
Embedded Multiplier 9-bit elements : 0
Total PLLs : 0
------------------------------------------------------------
TimeQuest Timing Analyzer Summary
------------------------------------------------------------

Type  : Slow 1200mV 85C Model Setup 'CLK'
Slack : -15.589
TNS   : -3140.736

Type  : Slow 1200mV 85C Model Setup 'CPUCLK'
Slack : -12.381
TNS   : -31029.668

Type  : Slow 1200mV 85C Model Setup 'altera_reserved_tck'
Slack : 44.970
TNS   : 0.000

Type  : Slow 1200mV 85C Model Hold 'CPUCLK'
Slack : 0.401
TNS   : 0.000

Type  : Slow 1200mV 85C Model Hold 'CLK'
Slack : 0.443
TNS   : 0.000

Type  : Slow 1200mV 85C Model Hold 'altera_reserved_tck'
Slack : 0.443
TNS   : 0.000

Type  : Slow 1200mV 85C Model Recovery 'altera_reserved_tck'
Slack : 47.821
TNS   : 0.000

Type  : Slow 1200mV 85C Model Removal 'altera_reserved_tck'
Slack : 1.647
TNS   : 0.000

Type  : Slow 1200mV 85C Model Minimum Pulse Width 'CLK'
Slack : -1.701
TNS   : -328.092

Type  : Slow 1200mV 85C Model Minimum Pulse Width 'CPUCLK'
Slack : 2.183
TNS   : 0.000

Type  : Slow 1200mV 85C Model Minimum Pulse Width 'altera_reserved_tck'
Slack : 49.502
TNS   : 0.000

Type  : Slow 1200mV 0C Model Setup 'CLK'
Slack : -14.603
TNS   : -2928.523

Type  : Slow 1200mV 0C Model Setup 'CPUCLK'
Slack : -11.557
TNS   : -28428.042

Type  : Slow 1200mV 0C Model Setup 'altera_reserved_tck'
Slack : 45.330
TNS   : 0.000

Type  : Slow 1200mV 0C Model Hold 'CPUCLK'
Slack : 0.320
TNS   : 0.000

Type  : Slow 1200mV 0C Model Hold 'CLK'
Slack : 0.392
TNS   : 0.000

Type  : Slow 1200mV 0C Model Hold 'altera_reserved_tck'
Slack : 0.392
TNS   : 0.000

Type  : Slow 1200mV 0C Model Recovery 'altera_reserved_tck'
Slack : 48.091
TNS   : 0.000

Type  : Slow 1200mV 0C Model Removal 'altera_reserved_tck'
Slack : 1.487
TNS   : 0.000

Type  : Slow 1200mV 0C Model Minimum Pulse Width 'CLK'
Slack : -1.701
TNS   : -328.092

Type  : Slow 1200mV 0C Model Minimum Pulse Width 'CPUCLK'
Slack : 2.150
TNS   : 0.000

Type  : Slow 1200mV 0C Model Minimum Pulse Width 'altera_reserved_tck'
Slack : 49.360
TNS   : 0.000

Type  : Fast 1200mV 0C Model Setup 'CLK'
Slack : -5.448
TNS   : -1079.762

Type  : Fast 1200mV 0C Model Setup 'CPUCLK'
Slack : -2.602
TNS   : -4273.609

Type  : Fast 1200mV 0C Model Setup 'altera_reserved_tck'
Slack : 48.003
TNS   : 0.000

Type  : Fast 1200mV 0C Model Hold 'CPUCLK'
Slack : 0.002
TNS   : 0.000

Type  : Fast 1200mV 0C Model Hold 'CLK'
Slack : 0.181
TNS   : 0.000

Type  : Fast 1200mV 0C Model Hold 'altera_reserved_tck'
Slack : 0.182
TNS   : 0.000

Type  : Fast 1200mV 0C Model Recovery 'altera_reserved_tck'
Slack : 49.232
TNS   : 0.000

Type  : Fast 1200mV 0C Model Removal 'altera_reserved_tck'
Slack : 0.693
TNS   : 0.000

Type  : Fast 1200mV 0C Model Minimum Pulse Width 'CLK'
Slack : -1.500
TNS   : -1.500

Type  : Fast 1200mV 0C Model Minimum Pulse Width 'CPUCLK'
Slack : 2.232
TNS   : 0.000

Type  : Fast 1200mV 0C Model Minimum Pulse Width 'altera_reserved_tck'
Slack : 49.456
TNS   : 0.000

------------------------------------------------------------
